=== 00:13:19 mica check grades.mi
오류[E0111]: 반복 변수 이름이(가) 필요한데 `(`이(가) 왔습니다
  --> grades.mi:45:13
   |
45 |         for (ln, why) in bad:
   |             ^
--- exit 1
=== 00:13:23 mica check grades.mi
오류[T0054]: 익명 함수의 인자 `x`의 타입을 알 수 없습니다
  --> grades.mi:55:20
   |
55 |         if g != none:
   |                    ^
  도움말: `fn(x: Int): ...` 처럼 타입을 적어 주세요
오류 1개
--- exit 1
=== 00:13:27 mica check csvutil.mi
오류[T0054]: 익명 함수의 인자 `x`의 타입을 알 수 없습니다
  --> csvutil.mi:55:20
   |
55 |     sorted.sort_by(fn(x): -score(x))
   |                    ^
  도움말: `fn(x: Int): ...` 처럼 타입을 적어 주세요
오류[T0002]: `main` 함수가 없습니다
  --> csvutil.mi:1:1
  |
1 | # csvutil — small reusable helpers for CSV-ish data.
  | ^
  도움말: 프로그램은 `fn main():` 에서 시작합니다
오류 2개
--- exit 1
=== 00:13:31 mica check grades.mi
검사 통과: 최상위 선언 8개
--- exit 0
=== 00:13:34 mica run grades.mi
Skipped rows:
  line 6: score 'abc' is not a number

Averages:
  Kim: 69.7
  Lee: 63.0
  Park: 70.0
  Choi: 62.0
  Jung: 71.0
  Kang: 46.7
  Cho: 59.0
  Yoon: 58.3
  Jang: 67.3
  Lim: 74.3

Top scorer per subject:
  math: Lim (76)
  english: Kim (100)
  science: Lim (100)

Passed every subject (all scores >= 60):
  (none)

Top 3 by average:
  1. Lim 74.3
  2. Jung 71.0
  3. Park 70.0
--- exit 0
=== 00:13:40 mica run grades.mi
Skipped rows:
  line 6: score 'abc' is not a number

Averages:
  Kim: 69.7
  Lee: 63.0
  Park: 70.0
  Choi: 62.0
  Jung: 71.0
  Kang: 46.7
  Cho: 59.0
  Yoon: 58.3
  Jang: 67.3
  Lim: 74.3

Top scorer per subject:
  math: Lim (76)
  english: Kim (100)
  science: Lim (100)

Passed every subject (all scores >= 60):
  (none)

Top 3 by average:
  1. Lim 74.3
  2. Jung 71.0
  3. Park 70.0
--- exit 0
=== 00:13:40 mica build grades.mi -o prog
컴파일 완료: ./prog
--- exit 0
=== 00:13:43 mica test csvutil.mi
  parse_line: `parse_line(""x, y",2")`
    문법 오류: [E0116] `)`을(를) 기대했는데 이름 `x`이(가) 왔습니다 (1:14)
doctest 1개 통과, 1개 실패
--- exit 1
=== 00:13:47 mica test csvutil.mi
doctest 2개 통과
--- exit 0
=== 00:13:51 mica fmt csvutil.mi grades.mi
이미 깔끔합니다 (2개 파일)
--- exit 0
=== 00:13:58 mica check main.mi
오류[T0054]: 익명 함수의 인자 `x`의 타입을 알 수 없습니다
  --> main.mi:3:16
  |
3 | fn main():
  |                ^
  도움말: `fn(x: Int): ...` 처럼 타입을 적어 주세요
오류 1개
--- exit 1
