# top comment


import std.time

fn add(a: Int, b: Int) -> Int:
    return a + b  # add

struct P:
    x: ?Int
    y: [!Str]

fn main():
    let xs = [1, -2, 3]
    var t = xs.map(fn(x): x * -1)
    if t[0] >= -1 and not (t[1] == 2):
        print(f"{t}  {add( 1,2 )}\n")     # output
    # comment inside a block
    elif t.len() != 0:
        print("a,b", "c:d")
    let d = {"a": 1, "b": 2}
    let big = [
        1, 2,
        3,
    ]
    let n = -xs[0] * (2 - -1)
    let e = add(1, 2) catch e:
        0
    return


# end comment
