=== 01:32:18 mica check stats.mi
오류[E0101]: 줄바꿈을(를) 기대했는데 키워드 `as`이(가) 왔습니다
  --> stats.mi:10:20
   |
10 |     return s.total as float / s.count as float
   |                    ^
  도움말: 여기에 줄바꿈을(를) 넣으세요
--- exit 1
=== 01:32:22 mica check stats.mi
오류[E0100]: `:`을(를) 기대했는데 이름 `is`이(가) 왔습니다
  --> stats.mi:28:18
   |
28 |         if score is None:
   |                  ^
  도움말: 여기에 `:`을(를) 넣으세요
--- exit 1
=== 01:32:26 mica check stats.mi
오류[E0100]: `:`을(를) 기대했는데 키워드 `not`이(가) 왔습니다
  --> stats.mi:32:17
   |
32 |         if name not in students:
   |                 ^
  도움말: 여기에 `:`을(를) 넣으세요
--- exit 1
=== 01:32:29 mica check stats.mi
오류[E0116]: `)`을(를) 기대했는데 키워드 `in`이(가) 왔습니다
  --> stats.mi:32:22
   |
32 |         if not (name in students):
   |                      ^
  도움말: 여기에 `)`을(를) 넣으세요
--- exit 1
=== 01:32:32 mica check stats.mi
오류[E0116]: 이름 붙은 인자는 `=` 가 아니라 `:` 로 씁니다
  --> stats.mi:33:42
   |
33 |             students[name] = Student(name=name, total=0, count=0)
   |                                          ^
  도움말: `name: 값` 처럼 쓰세요 (예: `Item(name: "사과", qty: 3)`)
--- exit 1
=== 01:32:35 mica check stats.mi
오류[E0116]: 이름 붙은 인자는 `=` 가 아니라 `:` 로 씁니다
  --> stats.mi:39:18
   |
39 |     list.sort(key=fn(s): -average(s))
   |                  ^
  도움말: `key: 값` 처럼 쓰세요 (예: `Item(name: "사과", qty: 3)`)
--- exit 1
=== 01:32:37 mica check stats.mi
오류[E0118]: `strings` 을(를) 찾을 수 없습니다. 같은 폴더에 `strings.mi` 이(가) 없고, 패키지도 아닙니다
  --> stats.mi:2:1
  |
2 | import strings
  | ^
  도움말: 파일 이름을 확인하세요. 남이 만든 패키지면 `mica add strings <git 주소>` 로 넣습니다
--- exit 1
=== 01:32:42 mica check stats.mi
오류[T0001]: 타입 `float`을(를) 찾을 수 없습니다
  --> stats.mi:8:1
  |
8 | fn average(s: Student) -> float:
  | ^
  도움말: 실수는 `Float` 입니다
오류[T0001]: 타입 `str`을(를) 찾을 수 없습니다
  --> stats.mi:3:1
  |
3 | struct Student:
  | ^
  도움말: 글자는 `Str` 입니다
오류[T0001]: 타입 `int`을(를) 찾을 수 없습니다
  --> stats.mi:3:1
  |
3 | struct Student:
  | ^
  도움말: 정수는 `Int` 입니다
오류[T0038]: `read_file`(이)라는 함수를 찾을 수 없습니다
  --> stats.mi:12:18
   |
12 |     let text = fs.read_file("scores.csv")
   |                  ^
  도움말: 이름의 철자를 확인하거나, 필요한 모듈을 import 했는지 보세요
오류[T0001]: 타입 `map`을(를) 찾을 수 없습니다
  --> stats.mi:14:1
   |
14 |     let students: map[str, Student] = {}
   | ^
  도움말: 사전은 `{키타입: 값타입}` 으로 씁니다. 예: `{Str: Int}`
오류[T0038]: `enumerate`(이)라는 함수를 찾을 수 없습니다
  --> stats.mi:16:20
   |
16 |     for i, line in enumerate(lines):
   |                    ^
  도움말: `for i in range(len(xs)):` 로 번호와 `xs[i]` 를 함께 씁니다
오류[T0038]: `parse_int`(이)라는 함수를 찾을 수 없습니다
  --> stats.mi:26:21
   |
26 |         let score = parse_int(parts[2])
   |                     ^
  도움말: `parse` 를 찾으셨나요? (표준 모듈 함수면 `from std.… import` 도 필요합니다)
오류[T0014]: `None`을(를) 찾을 수 없습니다
  --> stats.mi:27:21
   |
27 |         if score == None:
   |                     ^
  도움말: 없음은 소문자 `none` 입니다
오류[T0045]: `students`은(는) 바꿀 수 없습니다(읽기 전용)
  --> stats.mi:32:13
   |
32 |             students[name] = Student(name: name, total: 0, count: 0)
   |             ^
  도움말: `students`을(를) `var`로 선언하거나, 함수 인자라면 `inout`으로 받으세요
오류[T0045]: `students`은(는) 바꿀 수 없습니다(읽기 전용)
  --> stats.mi:33:9
   |
33 |         students[name].total += score
   |         ^
  도움말: `students`을(를) `var`로 선언하거나, 함수 인자라면 `inout`으로 받으세요
오류[T0007]: _ 값에는 `+=` 같은 연산을 쓸 수 없습니다
  --> stats.mi:33:9
   |
33 |         students[name].total += score
   |         ^
오류[T0045]: `students`은(는) 바꿀 수 없습니다(읽기 전용)
  --> stats.mi:34:9
   |
34 |         students[name].count += 1
   |         ^
  도움말: `students`을(를) `var`로 선언하거나, 함수 인자라면 `inout`으로 받으세요
오류[T0007]: _ 값에는 `+=` 같은 연산을 쓸 수 없습니다
  --> stats.mi:34:9
   |
34 |         students[name].count += 1
   |         ^
오류[T0045]: `max_score`은(는) 바꿀 수 없습니다(읽기 전용)
  --> stats.mi:36:13
   |
36 |             max_score = score
   |             ^
  도움말: `max_score`을(를) `var`로 선언하거나, 함수 인자라면 `inout`으로 받으세요
오류[T0054]: 익명 함수의 인자 `s`의 타입을 알 수 없습니다
  --> stats.mi:38:20
   |
38 |     list.sort(key: fn(s): -average(s))
   |                    ^
  도움말: `fn(s: Int): ...` 처럼 타입을 적어 주세요
오류 15개
--- exit 1
=== 01:32:51 mica check --json stats.mi
{"file":"stats.mi","diagnostics":[{"code":"T0038","severity":"error","file":"stats.mi","line":12,"col":18,"message":"`read`(이)라는 함수를 찾을 수 없습니다","fix":"`read_text` 를 찾으셨나요? (표준 모듈 함수면 `from std.… import` 도 필요합니다)"},{"code":"T0041","severity":"error","file":"stats.mi","line":26,"col":21,"message":"`parse`은(는) `std.json`에서 가져와야 합니다","fix":"파일 위에 `from std.json import parse` 를 추가하세요"},{"code":"T0005","severity":"error","file":"stats.mi","line":26,"col":9,"message":"`score`에 실패할 수 있는 값(!Json)을 그냥 담을 수 없습니다","fix":"`try`로 전파하거나 `catch e:` 로 받으세요"},{"code":"T0017","severity":"error","file":"stats.mi","line":27,"col":18,"message":"!Json 값은 `==`로 비교할 수 없습니다","fix":"실패했는지는 `try` 나 `x = f() catch e:` 로 확인하세요. 성공한 값을 꺼낸 뒤에 비교합니다"},{"code":"T0036","severity":"error","file":"stats.mi","line":31,"col":24,"message":"{Str: Student}에 `contains` 메서드가 없습니다","fix":"쓸 수 있는 것: len, get, set, has, keys"},{"code":"T0025","severity":"error","file":"stats.mi","line":33,"col":23,"message":"?Student 값에서 바로 `total`을(를) 꺼낼 수 없습니다","fix":"값이 없을 수 있습니다. `if x != none:` 안에서 쓰면 Student로 좁혀집니다"},{"code":"T0007","severity":"error","file":"stats.mi","line":33,"col":9,"message":"_ 값에는 `+=` 같은 연산을 쓸 수 없습니다","fix":null},{"code":"T0025","severity":"error","file":"stats.mi","line":34,"col":23,"message":"?Student 값에서 바로 `count`을(를) 꺼낼 수 없습니다","fix":"값이 없을 수 있습니다. `if x != none:` 안에서 쓰면 Student로 좁혀집니다"},{"code":"T0007","severity":"error","file":"stats.mi","line":34,"col":9,"message":"_ 값에는 `+=` 같은 연산을 쓸 수 없습니다","fix":null},{"code":"T0017","severity":"error","file":"stats.mi","line":35,"col":18,"message":"!Json와(과) Int을(를) 비교할 수 없습니다","fix":"Mica에는 암묵적 형변환이 없습니다. `float(x)`로 맞추세요"},{"code":"T0008","severity":"error","file":"stats.mi","line":36,"col":13,"message":"Int 자리에 !Json 값을 넣을 수 없습니다","fix":"Mica에는 암묵적 형변환이 없습니다"},{"code":"T0036","severity":"error","file":"stats.mi","line":37,"col":24,"message":"{Str: Student}에 `values` 메서드가 없습니다","fix":"`for k, v in d:` 로 키와 값을 함께 돕니다. 키만은 `d.keys()`"}]}
--- exit 1
=== 01:33:01 mica check stats.mi
오류[T0041]: `read_text`은(는) `std.fs`에서 가져와야 합니다
  --> stats.mi:12:18
   |
12 |     let text = fs.read_text("scores.csv")
   |                  ^
  도움말: 파일 위에 `from std.fs import read_text` 를 추가하세요
오류[T0005]: `text`에 실패할 수 있는 값(!Str)을 그냥 담을 수 없습니다
  --> stats.mi:12:5
   |
12 |     let text = fs.read_text("scores.csv")
   |     ^
  도움말: `try`로 전파하거나 `catch e:` 로 받으세요
오류[T0036]: !Str에 `split` 메서드가 없습니다
  --> stats.mi:13:21
   |
13 |     let lines = text.split("\n")
   |                     ^
  도움말: !Str 에는 메서드가 없습니다
오류[T0047]: `get(키, 기본값)`은 인자 두 개를 받습니다
  --> stats.mi:32:27
   |
32 |         let cur = students.get(name)
   |                           ^
  도움말: 키가 없을 때 돌려줄 기본값을 함께 주세요
오류[T0017]: Student 값은 none 이 될 수 없어서 `none` 과 비교해도 늘 같지 않습니다
  --> stats.mi:33:16
   |
33 |         if cur != none:
   |                ^
  도움말: none 이 될 수 있는 값은 `?T` 타입입니다. 빈 문자열을 보려면 `s == ""` 를 쓰세요
오류[T0036]: [Student]에 `append` 메서드가 없습니다
  --> stats.mi:39:13
   |
39 |         list.append(v)
   |             ^
  도움말: Mica 에서는 `push` 입니다
오류[T0063]: `sort()`는 인자를 받지 않습니다
  --> stats.mi:40:9
   |
40 |     list.sort(key: fn(s: Student): -average(s))
   |         ^
  도움말: 기준을 정하려면 `xs.sort_by(fn(x): 기준)` 을 쓰세요. 큰 것부터는 `sort_by(fn(x): -기준)` 또는 `sort()` 뒤 `reverse()`
오류 7개
--- exit 1
=== 01:33:09 mica check stats.mi
오류[T0036]: Str에 `trim` 메서드가 없습니다
  --> stats.mi:21:31
   |
21 |         let trimmed = lines[i].trim()
   |                               ^
  도움말: Mica 에서는 `strip` 입니다
오류 1개
--- exit 1
=== 01:33:11 mica check stats.mi
검사 통과: 최상위 선언 4개
--- exit 0
=== 01:33:11 mica run stats.mi
warning: bad score in row Kim,history,abc
Lim: 74.3
Jung: 71.0
Park: 70.0
Kim: 69.7
Jang: 67.3
Lee: 63.0
Choi: 62.0
Cho: 59.0
Yoon: 58.3
Kang: 46.7
max score: 100
--- exit 0
=== 01:33:17 mica check stats.mi
검사 통과: 최상위 선언 4개
--- exit 0
=== 01:33:20 mica run stats.mi
warning: bad score in row Kim,history,abc
Lim: 74.3
Jung: 71.0
Park: 70.0
Kim: 69.7
Jang: 67.3
Lee: 63.0
Choi: 62.0
Cho: 59.0
Yoon: 58.3
Kang: 46.7
max score: 100
--- exit 0
=== 01:33:20 mica build stats.mi -o prog
컴파일 완료: ./prog
--- exit 0
=== 01:33:39 mica check repro_import.mi
오류[T0041]: `read_text`은(는) `std.fs`에서 가져와야 합니다
  --> repro_import.mi:4:15
  |
4 |     let t = fs.read_text("scores.csv") catch e:
  |               ^
  도움말: 파일 위에 `from std.fs import read_text` 를 추가하세요
오류 1개
--- exit 1
=== 01:33:39 mica check repro_import2.mi
검사 통과: 최상위 선언 2개
--- exit 0
